# serializer version: 1
# name: test_r2_store_gfx942_golden
  list([
    dict({
      'basename': 'Cijk_Alik_Bljk_BBS_BH_Bias_SAV_UserArgs_MT64x16x1oHcThQRFGk3KZsniaaFs_uxc-7FSW4xnJ2GCTKBJ5s=',
      'err': 0,
    }),
    dict({
      'basename': 'Cijk_Alik_Bljk_BBS_BH_Bias_SAV_UserArgs_MT64x16xWq4ROEzEUWQA2kcPRXccTxBEukDOjiPl1Dw3KkYXqzc=',
      'err': 0,
    }),
    dict({
      'basename': 'Cijk_Alik_Bljk_BBS_BH_Bias_SAV_UserArgs_MT64x16xar4fD5vek5xofsxtlU-bd7Tp_lyXu7q1SPWdiVLcBMg=',
      'err': 0,
    }),
    dict({
      'basename': 'Cijk_Alik_Bljk_BBS_BH_Bias_SAV_UserArgs_MT64x16xvR9EQ-zVVA2phhnJpmRk01emVmKwwVQJp_DJ_5-hD5c=',
      'err': 0,
    }),
  ])
# ---
