# serializer version: 1
# name: test_gfx950_hhs_golden
  list([
    dict({
      'basename': 'Cijk_Alik_Bljk_HHS_BH_Bias_A_S_UserArgs_MT64x16xbyhbdHyS039KoxeAaK4htsLBzxWtARBmoV_Qty-GjKE=',
      'err': 0,
    }),
    dict({
      'basename': 'Cijk_Alik_Bljk_HHS_BH_Bias_A_S_UserArgs_MT64x16xsejWB7sczmInVnLIkn6rX-y_SUDgxFCRZ3VhBoZHN30=',
      'err': 0,
    }),
  ])
# ---
