# serializer version: 1
# name: test_r3_addrstore_gfx942_golden
  list([
    dict({
      'basename': 'Cijk_Alik_Bljk_F8NSS_BH_SABV_SAV_UserArgs_MT128xKg5b054ImInqYtPKin5874uHhJn1FKMmWzhqmU7WXKg=',
      'err': 0,
    }),
    dict({
      'basename': 'Cijk_Alik_Bljk_F8NSS_BH_SABV_SAV_UserArgs_MT256xp6La1Cfo5ELZReASzYKHLDuvPIlX6aWBsuNk713u1ik=',
      'err': 0,
    }),
  ])
# ---
