# serializer version: 1
# name: test_r3_gsu_on_golden
  list([
    dict({
      'basename': 'Cijk_Ailk_Bljk_S_B_UserArgs_MT16x16x32_MI16x16x1e921JV_r9UHVObg_IVEvSqWVwS06trINcP4dy_QfCEw=',
      'err': 0,
    }),
    dict({
      'basename': 'Cijk_Ailk_Bljk_S_B_UserArgs_MT16x16x32_MI16x16x1g6t34BWIbE4qKq73SckH-3Lexr2W899pRu_rvVDE_HY=',
      'err': 0,
    }),
  ])
# ---
