# serializer version: 1
# name: test_gfx950_bbs_golden
  list([
    dict({
      'basename': 'Cijk_Alik_Bljk_BBS_BH_Bias_HA_S_UserArgs_MT64x16Yzacgvzk35VUgMtq1jsVx5-fHb9IvftjqvyYOd6d-oA=',
      'err': 0,
    }),
    dict({
      'basename': 'Cijk_Alik_Bljk_BBS_BH_Bias_HA_S_UserArgs_MT64x16v-jb42s-Vk9B6RvAWo9D1D6TheBpTmInILoVdbMnNho=',
      'err': 0,
    }),
  ])
# ---
