# serializer version: 1
# name: test_r2_lra_gfx942_golden
  list([
    dict({
      'basename': 'Cijk_Alik_Bjlk_HHS_BH_UserArgs_MT16x8x64_SN_LDSB2-lHgwS2P5NzhRgjxGH0IBC21ykDoBIcmkWYndmmoL4=',
      'err': 0,
    }),
    dict({
      'basename': 'Cijk_Alik_Bjlk_HHS_BH_UserArgs_MT64x4x64_SN_LDSBzGaUvDWj0Wvc_X4EXdH2hXmm8PohJ4p_0QG7WfIe5M4=',
      'err': 0,
    }),
  ])
# ---
