# serializer version: 1
# name: test_r3_kwfeat_gfx942_golden
  list([
    dict({
      'basename': 'Cijk_Alik_Bljk_BBS_BH_UserArgs_MT64x16x32_MI16x1coTuQoCnczgecW7YeaiHXZ012Oie5XFy5uDBtc4inH8=',
      'err': 0,
    }),
    dict({
      'basename': 'Cijk_Alik_Bljk_BBS_BH_UserArgs_MT64x16x32_MI16x1ow4S9NiN1Bove5EARn8fHscC5HqO8ee92kCdYU5SQJk=',
      'err': 0,
    }),
  ])
# ---
