# serializer version: 1
# name: test_r4_shiftvector2_golden
  list([
    dict({
      'basename': 'Cijk_Ailk_Bjlk_S_B_UserArgs_MT128x64x16_SN_LDSB0FkAUTfZ99kJFWRZTVg0nqWWtNwggmotmLQf_54xAOCM=',
      'err': 0,
    }),
    dict({
      'basename': 'Cijk_Ailk_Bjlk_S_B_UserArgs_MT64x128x16_SN_LDSB0LAgmf2Z7NblVOC5TEzlRgMW_nZswTf8GqHa6qT7FcKQ=',
      'err': 0,
    }),
    dict({
      'basename': 'Cijk_Ailk_Bjlk_S_B_UserArgs_MT64x64x16_SN_LDSB0_wfghP4RCB9DTD2sub-keaoKZVO3REZktxmByOwvwOHI=',
      'err': 0,
    }),
  ])
# ---
