# serializer version: 1
# name: test_r2_subtile_gfx950_golden
  list([
    dict({
      'basename': 'Cijk_Alik_Bljk_BBS_BH_UserArgs_MT128x128x64_MI162s9BlnEX1qXGfEFZyWFGLAfC6O7sFdO5X_7z_-EFGZk=',
      'err': 0,
    }),
    dict({
      'basename': 'Cijk_Alik_Bljk_BBS_BH_UserArgs_MT128x128x64_MI16hRQBZvniYg0f6nVd4OlJ27hNxvdAaGnkArW_NuSKfAk=',
      'err': 0,
    }),
    dict({
      'basename': 'Cijk_Alik_Bljk_BBS_BH_UserArgs_MT128x64x64_MI16x0zQNc5TDcqChFnPTSGLMS2rPhhC2gFCVAruiAmZ915E=',
      'err': 0,
    }),
    dict({
      'basename': 'Cijk_Alik_Bljk_BBS_BH_UserArgs_MT128x64x64_MI16xqReGS3CqJutG-GOzI_eVcbtWsQUH1r_DVlqS5gDsw1Q=',
      'err': 0,
    }),
    dict({
      'basename': 'Cijk_Alik_Bljk_BBS_BH_UserArgs_MT32x32x64_MI16x1FVQ4KcW_vRf7KzK6bMAcmvk8p7W6_ZVYbCWlmCDK_C0=',
      'err': 0,
    }),
    dict({
      'basename': 'Cijk_Alik_Bljk_BBS_BH_UserArgs_MT32x32x64_MI16x1LxpjwHLchnxsnKpPkQhFkpvON2_Da8Dm7CvPpl-4S2Q=',
      'err': 0,
    }),
    dict({
      'basename': 'Cijk_Alik_Bljk_BBS_BH_UserArgs_MT64x128x64_MI16xam0xRFQgxOxwTv9PcxZMIIToZqJ3lEutnB66R0IqXVo=',
      'err': 0,
    }),
    dict({
      'basename': 'Cijk_Alik_Bljk_BBS_BH_UserArgs_MT64x128x64_MI16xnIu_Igml44aQgE4XxtQ71QoqGiFzKLgLj0K5cVeDEtQ=',
      'err': 0,
    }),
  ])
# ---
