# serializer version: 1
# name: test_gfx942_f8n_golden
  list([
    dict({
      'basename': 'Cijk_Ailk_Bljk_F8NHS_BH_Bias_S_HA_S_SAB_SCD_SAV_-unSxlL8j_9aezaur9u74bcoOgfMb1kLgUV9v9BfjW4=',
      'err': 0,
    }),
    dict({
      'basename': 'Cijk_Ailk_Bljk_F8NHS_BH_Bias_S_HA_S_SAB_SCD_SAV_9sDFFgTGOmPHJY0YFC2pHvePaIOnDIbbIruev2oiQZM=',
      'err': 0,
    }),
    dict({
      'basename': 'Cijk_Ailk_Bljk_F8NHS_BH_Bias_S_HA_S_SAB_SCD_SAV_GCIxk94DHSWpdIZ3rKCzflpHrJB8nyn0AEQ0CbNrZg8=',
      'err': 0,
    }),
    dict({
      'basename': 'Cijk_Ailk_Bljk_F8NHS_BH_Bias_S_HA_S_SAB_SCD_SAV_HHdvW8xTuRRHtrKgJJ4hM9LcFN8tpt1W9wJ1Zhwj8Lg=',
      'err': 0,
    }),
    dict({
      'basename': 'Cijk_Ailk_Bljk_F8NHS_BH_Bias_S_HA_S_SAB_SCD_SAV_JjatFyxjkp7w2Ij2SddSm7E36XYyxYlD6hcVEM9i-9I=',
      'err': 0,
    }),
    dict({
      'basename': 'Cijk_Ailk_Bljk_F8NHS_BH_Bias_S_HA_S_SAB_SCD_SAV_mss_9dynbwpaWBqXcYjF36P5nw19_nRuXntItPKmqkk=',
      'err': 0,
    }),
    dict({
      'basename': 'Cijk_Ailk_Bljk_F8NHS_BH_Bias_S_HA_S_SAB_SCD_SAV_teuuUwi21r-ON-4-5_33IkOQLvWyb6KX88X6ndo43uM=',
      'err': 0,
    }),
    dict({
      'basename': 'Cijk_Ailk_Bljk_F8NHS_BH_Bias_S_HA_S_SAB_SCD_SAV_tf8TbXSMRV3ERCGDqdUUVzxPQqfOj3_bL1N7Dab5IEw=',
      'err': 0,
    }),
  ])
# ---
