# serializer version: 1
# name: test_gfx1100_emit_digests
  list([
    dict({
      'file': 'DB.yaml',
      'kernels': list([
        dict({
          'basename': 'Cijk_Ailk_Bjlk_D_B_UserArgs_MT16x16x16_SN_LDSB0_xCfs5YxRTOQXj4Br3NZ4XZs5EQOJhn0VCbQJcgXHkKg=',
          'err': 0,
        }),
        dict({
          'basename': 'Cijk_Ailk_Bjlk_D_B_UserArgs_MT16x16x8_SN_LDSB0_ANRm1UkxHG1b3V0tl1TI-ebcBzi4QewlRQRFUa6KKfuY=',
          'err': 0,
        }),
        dict({
          'basename': 'Cijk_Ailk_Bjlk_D_B_UserArgs_MT8x8x16_SN_LDSB0_AF-F2fBsSdMjXC0e6ZLTQq59FJgr3q_xn89dxm2clTGdQ=',
          'err': 0,
        }),
        dict({
          'basename': 'Cijk_Ailk_Bjlk_D_B_UserArgs_MT8x8x8_SN_LDSB0_AFCuw09b5Rfd68xN5z1sXImDuZQeJeOM3iVZYC0ZAG1lkE=',
          'err': 0,
        }),
      ]),
    }),
    dict({
      'file': 'HSS.yaml',
      'kernels': list([
        dict({
          'basename': 'Cijk_Alik_Bljk_HSS_BH_Bias_HA_S_SAV_UserArgs_MT3D_UZLQJIbrI42OpMY2ClaNKYzFI_8Zsp7mwDKsZdp6w=',
          'err': 0,
        }),
        dict({
          'basename': 'Cijk_Alik_Bljk_HSS_BH_Bias_HA_S_SAV_UserArgs_MT99S9xHPNzO_xs1xRI1GcTV93kBcU1BctDGfwLOc41q2Y=',
          'err': 0,
        }),
        dict({
          'basename': 'Cijk_Alik_Bljk_HSS_BH_Bias_HA_S_SAV_UserArgs_MT9GoWjrcfQFD81dgse_5LSSPHc8e3iesmnOgytSFjJJtg=',
          'err': 0,
        }),
      ]),
    }),
    dict({
      'file': 'SB.yaml',
      'kernels': list([
        dict({
          'basename': 'Cijk_Ailk_Bjlk_S_B_Bias_HA_S_SAV_UserArgs_MT16x1F69Ta0UzLA3Czy5qcFeqYQwVNPmqZNgVnFPq4YT4OrQ=',
          'err': 0,
        }),
        dict({
          'basename': 'Cijk_Ailk_Bjlk_S_B_Bias_HA_S_SAV_UserArgs_MT16x1qi6Pvotu7hrW0mgWOpi36BpSRDiau48kLgbaydRzQ7M=',
          'err': 0,
        }),
        dict({
          'basename': 'Cijk_Ailk_Bjlk_S_B_Bias_HA_S_SAV_UserArgs_MT8x8xPw0-mRWUZpm_abxvLTuLA2veD2tAOcMiAku0cNH3c2Q=',
          'err': 0,
        }),
        dict({
          'basename': 'Cijk_Ailk_Bjlk_S_B_Bias_HA_S_SAV_UserArgs_MT8x8xtZ2MQg8DLPN1VQL4F5d1w1zZlKhH6viP_tJHOOyIGMU=',
          'err': 0,
        }),
      ]),
    }),
  ])
# ---
