# serializer version: 1
# name: test_r2_solution_gfx942_golden
  list([
    dict({
      'basename': 'Cijk_Alik_Bljk_BBS_BH_Bias_A_S_UserArgs_MT64x16xEYnLw3q8unNd-30MTlW5y54DnAgFedeiX4HH_p5f69g=',
      'err': 0,
    }),
    dict({
      'basename': 'Cijk_Alik_Bljk_BBS_BH_Bias_A_S_UserArgs_MT64x16xM7I-pT6N59-zIaNHopS8ZzBA9n1fjLMXe4nPjrUBOTY=',
      'err': 0,
    }),
    dict({
      'basename': 'Cijk_Alik_Bljk_BBS_BH_Bias_A_S_UserArgs_MT64x16xaKYlenZjnxQXjWU14jrcA8FbFpL42FavJarJyCtHG9w=',
      'err': 0,
    }),
    dict({
      'basename': 'Cijk_Alik_Bljk_BBS_BH_Bias_A_S_UserArgs_MT64x16xnG3_WBwcCI7BORL8gifATHHgBbLDnv7DlwhmlEl1Qwo=',
      'err': 0,
    }),
  ])
# ---
