# serializer version: 1
# name: test_r2_streamk_gfx942_golden
  list([
    dict({
      'basename': 'Cijk_Ailk_Bjlk_S_B_UserArgs_MT128x128x16_MI16x16075MU-vd-b9VZWmcuz767MA0fw_ewfC8TIhe9ItqpG8=',
      'err': 0,
    }),
    dict({
      'basename': 'Cijk_Ailk_Bjlk_S_B_UserArgs_MT128x128x16_MI16x16EwuyvtgASua8VutE-bwv6T2KpyywjQb8RMH_j-hPlj4=',
      'err': 0,
    }),
    dict({
      'basename': 'Cijk_Ailk_Bjlk_S_B_UserArgs_MT128x128x16_MI16x16EwuyvtgASua8VutE-bwv6T2KpyywjQb8RMH_j-hPlj4=',
      'err': 0,
    }),
    dict({
      'basename': 'Cijk_Ailk_Bjlk_S_B_UserArgs_MT128x128x16_MI16x16qS4SCfeWGXXQf4dRvX6IaBpri1HXUlrT7Ve41ghnDcw=',
      'err': 0,
    }),
  ])
# ---
