# serializer version: 1
# name: test_gfx908_emit_digests
  list([
    dict({
      'file': 'BBS.yaml',
      'kernels': list([
        dict({
          'basename': 'Cijk_Ailk_Bljk_BBS_BH_Bias_HA_S_SAV_MT64x16x32_M8GJDm651QLwOwK-zzEU6MhpnHILpf153eDJDFCs1U9I=',
          'err': 0,
        }),
      ]),
    }),
    dict({
      'file': 'HHS.yaml',
      'kernels': list([
        dict({
          'basename': 'Cijk_Ailk_Bljk_HHS_BH_Bias_HA_S_SAV_UserArgs_MT64Gp49EeecSSGm53338mTJMCBpEtBxR9cK3AY0FEerA8=',
          'err': 0,
        }),
      ]),
    }),
    dict({
      'file': 'HSS.yaml',
      'kernels': list([
        dict({
          'basename': 'Cijk_Ailk_Bjlk_HSS_BH_Bias_HA_S_SAV_UserArgs_MT1sK32GbibXzLRDP7yWtWWHut6yZEs-_lSCnPKBMrlRU4=',
          'err': 0,
        }),
      ]),
    }),
    dict({
      'file': 'SB.yaml',
      'kernels': list([
        dict({
          'basename': 'Cijk_Alik_Bjlk_S_B_Bias_HA_S_SAV_UserArgs_MT32x3IKEwCwlL1-ef5KkBPSN2e76Yw67gVJ9gybSKjroe9Uw=',
          'err': 0,
        }),
      ]),
    }),
  ])
# ---
