# serializer version: 1
# name: test_r3_lra_tr_gfx950_golden
  list([
    dict({
      'basename': 'Cijk_Ailk_Bljk_BBS_BH_UserArgs_MT128x128x32_MI16TyAvHJ2TDgA8smgaIFVOrS_2Opp0_OZy9y5awzz6HGU=',
      'err': 0,
    }),
    dict({
      'basename': 'Cijk_Ailk_Bljk_BBS_BH_UserArgs_MT128x128x32_MI16uelmgUMf7FiOYGHKTbOIpZE5qfpXKGK4Y5POoCw0w-c=',
      'err': 0,
    }),
  ])
# ---
