# serializer version: 1
# name: test_gfx950_dominant_golden
  list([
    dict({
      'basename': 'Cijk_Alik_Bljk_F8HS_BH_UserArgs_MT64x64x128_MI16rHDXFoioRdKr8UDL43Cwc0D3wJ_PjyJjxGBcYPMPuQE=',
      'err': 0,
    }),
    dict({
      'basename': 'Cijk_Alik_Bljk_F8HS_BH_UserArgs_MT64x64x128_MI32J2A2k01heokLc0GIftVAwPbo6v5ONkZ0TW8kgalV_Ok=',
      'err': 0,
    }),
  ])
# ---
