# serializer version: 1
# name: test_r2_wgm_gfx942_golden
  list([
    dict({
      'basename': 'Cijk_Alik_Bljk_BBS_BH_Bias_A_S_UserArgs_MT64x16xN397dIuemUg9L7hu7Q3iNMV-9ULe6hvCyNsK1IUZbYs=',
      'err': 0,
    }),
    dict({
      'basename': 'Cijk_Alik_Bljk_BBS_BH_Bias_A_S_UserArgs_MT64x16xPL4CuUoAvfQDMstzu8pgjfRL1NzEWxLNAIgc59FggHs=',
      'err': 0,
    }),
    dict({
      'basename': 'Cijk_Alik_Bljk_BBS_BH_Bias_A_S_UserArgs_MT64x16xSxe0NLGunzZCxFUY2SfpHORJ7InEA6BYsx2A8snpYwI=',
      'err': 0,
    }),
    dict({
      'basename': 'Cijk_Alik_Bljk_BBS_BH_Bias_A_S_UserArgs_MT64x16xmS8BaE3XhmkzCgqOb0zY3dqwb7TMAehuqcKZM6LmN_A=',
      'err': 0,
    }),
    dict({
      'basename': 'Cijk_Alik_Bljk_BBS_BH_Bias_A_S_UserArgs_MT64x16xz2Ojcy8hDhqY7oqKgKedwJy_IczqGkPLtTWkgsvw0wc=',
      'err': 0,
    }),
  ])
# ---
