# serializer version: 1
# name: test_gfx90a_dominant_golden
  list([
    dict({
      'basename': 'Cijk_Alik_Bljk_BBS_BH_Bias_HA_S_UserArgs_MT128x3_JwPkqK-Yu6niXNeGwSKSVMup0vUV0uu_kIwwQTDmY8=',
      'err': 0,
    }),
    dict({
      'basename': 'Cijk_Alik_Bljk_BBS_BH_Bias_HA_S_UserArgs_MT64x16g6UoIKMau5JwjRVnMJ3aq0klXClLWIX4EMQLdFShgnk=',
      'err': 0,
    }),
  ])
# ---
