# serializer version: 1
# name: test_r2_mac_hhs_dot2_golden
  list([
    dict({
      'basename': 'Cijk_Alik_Bljk_HHS_BH_UserArgs_MT16x32x16_SN_LDSFTO2RocC8bD4KBV3_jH0SJmNDu_TQNY_OxaMnI2bEzY=',
      'err': 0,
    }),
    dict({
      'basename': 'Cijk_Alik_Bljk_HHS_BH_UserArgs_MT16x64x16_SN_LDSxcFhN15R3ayKETODZrBEp89s9qzPdyZOfIQiAiVX6hg=',
      'err': 0,
    }),
    dict({
      'basename': 'Cijk_Alik_Bljk_HHS_BH_UserArgs_MT32x32x16_SN_LDSMjauDRKnRhf6DmKkVzAqBXfnsEOM5be8t2KIWGnVkEU=',
      'err': 0,
    }),
    dict({
      'basename': 'Cijk_Alik_Bljk_HHS_BH_UserArgs_MT32x64x16_SN_LDS8ezEVHAKMPRjOLZQd2aJ1ShyAO3HWfZZ7CCXnLejWcM=',
      'err': 0,
    }),
    dict({
      'basename': 'Cijk_Alik_Bljk_HHS_BH_UserArgs_MT64x32x16_SN_LDSVePy5217--DuaF7GaiqTJE0uJ46nZd_3QY3RWMVS6Tw=',
      'err': 0,
    }),
    dict({
      'basename': 'Cijk_Alik_Bljk_HHS_BH_UserArgs_MT8x64x16_SN_LDSBAwNlNWwT1IzdizGraefrJQLpAMZXkhSPamOCOts5CW0=',
      'err': 0,
    }),
  ])
# ---
