# serializer version: 1
# name: test_r2_shiftvector_golden
  list([
    dict({
      'basename': 'Cijk_Ailk_Bjlk_S_B_UserArgs_MT128x64x16_SN_LDSB0Kx-GU81xKZ64-dFvo3BbapT4lMrVrVci-OsQh6GaXUE=',
      'err': 0,
    }),
    dict({
      'basename': 'Cijk_Ailk_Bjlk_S_B_UserArgs_MT64x128x16_SN_LDSB0s1QuDJfGgRSBw9t9YdROH-0d4S6OXMQn7-CwDVlQxPM=',
      'err': 0,
    }),
    dict({
      'basename': 'Cijk_Ailk_Bjlk_S_B_UserArgs_MT64x64x16_SN_LDSB0_itaTj1sopDfxBSg0cI4yJOvnqOG_8emg-ibkW78K7qI=',
      'err': 0,
    }),
  ])
# ---
