# serializer version: 1
# name: test_gfx942_dominant_golden
  list([
    dict({
      'basename': 'Cijk_Alik_Bljk_BBS_BH_Bias_A_S_UserArgs_MT128x32giH9d2CpN6t9vWxJVpn9YD6aqlUEDS0cP1LWRKDMaog=',
      'err': 0,
    }),
    dict({
      'basename': 'Cijk_Alik_Bljk_BBS_BH_Bias_A_S_UserArgs_MT128x32hzem3f3PwVjLS-17LJkvCyzN34jzJ0j13uGxEXuj7Tk=',
      'err': 0,
    }),
    dict({
      'basename': 'Cijk_Alik_Bljk_BBS_BH_Bias_A_S_UserArgs_MT64x16x4WMXzG5e_vcGIIIl-8ryfIEmO03AGyxfBzP8eekLEXE=',
      'err': 0,
    }),
    dict({
      'basename': 'Cijk_Alik_Bljk_BBS_BH_Bias_A_S_UserArgs_MT64x16xEYnLw3q8unNd-30MTlW5y54DnAgFedeiX4HH_p5f69g=',
      'err': 0,
    }),
  ])
# ---
