# serializer version: 1
# name: test_gfx950_dtl_golden
  list([
    dict({
      'basename': 'Cijk_Alik_Bljk_S_B_UserArgs_MT16x16x32_MI16x16x19ldgu8fO5lGHjZBkxOoV6wokywuWxNdYYchOV4j7IEg=',
      'err': 0,
    }),
    dict({
      'basename': 'Cijk_Alik_Bljk_S_B_UserArgs_MT16x16x32_MI16x16x1AHY3sSGmSWaCQfZSDo68g9oJhT035L26fStngn_z4Ag=',
      'err': 0,
    }),
    dict({
      'basename': 'Cijk_Alik_Bljk_S_B_UserArgs_MT16x16x32_MI16x16x1WMd6S-d8JfMBRql-n2h3n9HE1xSHjOv6eaFkUGEm2Ck=',
      'err': 0,
    }),
    dict({
      'basename': 'Cijk_Alik_Bljk_S_B_UserArgs_MT16x16x32_MI16x16x1wnXr-Stxpahf-2k3RyTGIXQSho5FSlR5d0_eGuBs7cU=',
      'err': 0,
    }),
  ])
# ---
